{
  "version": "1.5.0",
  "plugins_used": [
    {
      "name": "ArtifactoryDetector"
    },
    {
      "name": "AWSKeyDetector"
    },
    {
      "name": "AzureStorageKeyDetector"
    },
    {
      "name": "Base64HighEntropyString",
      "limit": 4.5
    },
    {
      "name": "BasicAuthDetector"
    },
    {
      "name": "CloudantDetector"
    },
    {
      "name": "DiscordBotTokenDetector"
    },
    {
      "name": "GitHubTokenDetector"
    },
    {
      "name": "GitLabTokenDetector"
    },
    {
      "name": "HexHighEntropyString",
      "limit": 3.0
    },
    {
      "name": "IbmCloudIamDetector"
    },
    {
      "name": "IbmCosHmacDetector"
    },
    {
      "name": "IPPublicDetector"
    },
    {
      "name": "JwtTokenDetector"
    },
    {
      "name": "KeywordDetector",
      "keyword_exclude": ""
    },
    {
      "name": "MailchimpDetector"
    },
    {
      "name": "NpmDetector"
    },
    {
      "name": "OpenAIDetector"
    },
    {
      "name": "PrivateKeyDetector"
    },
    {
      "name": "PypiTokenDetector"
    },
    {
      "name": "SendGridDetector"
    },
    {
      "name": "SlackDetector"
    },
    {
      "name": "SoftlayerDetector"
    },
    {
      "name": "SquareOAuthDetector"
    },
    {
      "name": "StripeDetector"
    },
    {
      "name": "TelegramBotTokenDetector"
    },
    {
      "name": "TwilioKeyDetector"
    }
  ],
  "filters_used": [
    {
      "path": "detect_secrets.filters.allowlist.is_line_allowlisted"
    },
    {
      "path": "detect_secrets.filters.heuristic.is_indirect_reference"
    },
    {
      "path": "detect_secrets.filters.heuristic.is_likely_id_string"
    },
    {
      "path": "detect_secrets.filters.heuristic.is_lock_file"
    },
    {
      "path": "detect_secrets.filters.heuristic.is_not_alphanumeric_string"
    },
    {
      "path": "detect_secrets.filters.heuristic.is_potential_uuid"
    },
    {
      "path": "detect_secrets.filters.heuristic.is_prefixed_with_dollar_sign"
    },
    {
      "path": "detect_secrets.filters.heuristic.is_sequential_string"
    },
    {
      "path": "detect_secrets.filters.heuristic.is_swagger_file"
    },
    {
      "path": "detect_secrets.filters.heuristic.is_templated_secret"
    }
  ],
  "results": {
    ".env.example": [
      {
        "type": "Basic Auth Credentials",
        "filename": ".env.example",
        "hashed_secret": "112bb791304791ddcf692e29fd5cf149b35fea37",
        "is_verified": false,
        "line_number": 3
      }
    ],
    "README.md": [
      {
        "type": "Basic Auth Credentials",
        "filename": "README.md",
        "hashed_secret": "e1f54879712916ac5275a3bfdecc434c33d50864",
        "is_verified": false,
        "line_number": 174
      },
      {
        "type": "Secret Keyword",
        "filename": "README.md",
        "hashed_secret": "31e64df38fd8c3d00bd55abcc367b74f1501c2a6",
        "is_verified": false,
        "line_number": 260
      },
      {
        "type": "Secret Keyword",
        "filename": "README.md",
        "hashed_secret": "66e722e84468312843d123e26ad9e01c6c85071f",
        "is_verified": false,
        "line_number": 277
      },
      {
        "type": "Secret Keyword",
        "filename": "README.md",
        "hashed_secret": "88c3a3f74da3bd846953215f7ae64acbe7d2737f",
        "is_verified": false,
        "line_number": 299
      }
    ],
    "backend\\courseplatform\\actions.py": [
      {
        "type": "Base64 High Entropy String",
        "filename": "backend\\courseplatform\\actions.py",
        "hashed_secret": "f8c6f1ff98c5ee78c27d34a3ca68f35ad79847af",
        "is_verified": false,
        "line_number": 1546
      }
    ],
    "backend\\courseplatform\\domains\\communication.py": [
      {
        "type": "Secret Keyword",
        "filename": "backend\\courseplatform\\domains\\communication.py",
        "hashed_secret": "086bfb42cb0e1f0682c42f25c92a8f7e76b5bda4",
        "is_verified": false,
        "line_number": 658
      },
      {
        "type": "Secret Keyword",
        "filename": "backend\\courseplatform\\domains\\communication.py",
        "hashed_secret": "b521caa6e1db82e5a01c924a419870cb72b81635",
        "is_verified": false,
        "line_number": 666
      },
      {
        "type": "Secret Keyword",
        "filename": "backend\\courseplatform\\domains\\communication.py",
        "hashed_secret": "0528da4f9fb582c4aafeda2f299a957388bb7337",
        "is_verified": false,
        "line_number": 668
      },
      {
        "type": "Secret Keyword",
        "filename": "backend\\courseplatform\\domains\\communication.py",
        "hashed_secret": "c2b12822f026925c2b17ce6d759508279bb9b54d",
        "is_verified": false,
        "line_number": 670
      }
    ],
    "backend\\courseplatform\\jobs.py": [
      {
        "type": "Secret Keyword",
        "filename": "backend\\courseplatform\\jobs.py",
        "hashed_secret": "ae7a225fdad36a2be58c67538347d8a81a8b71e0",
        "is_verified": false,
        "line_number": 14
      }
    ],
    "docs\\database-migrations.md": [
      {
        "type": "Basic Auth Credentials",
        "filename": "docs\\database-migrations.md",
        "hashed_secret": "e1f54879712916ac5275a3bfdecc434c33d50864",
        "is_verified": false,
        "line_number": 117
      }
    ],
    "docs\\multichannel-notifications.md": [
      {
        "type": "Secret Keyword",
        "filename": "docs\\multichannel-notifications.md",
        "hashed_secret": "c3f0a384537f15e5a5d442422581014ba061aaff",
        "is_verified": false,
        "line_number": 47
      }
    ],
    "tests\\test_account_registration.py": [
      {
        "type": "Secret Keyword",
        "filename": "tests\\test_account_registration.py",
        "hashed_secret": "4c90f31e3eb5cf44bcef6074ff54b81c03478125",
        "is_verified": false,
        "line_number": 15
      },
      {
        "type": "Secret Keyword",
        "filename": "tests\\test_account_registration.py",
        "hashed_secret": "f915a11648ccab9340d5f123f2bcc87a5c70b18a",
        "is_verified": false,
        "line_number": 100
      }
    ],
    "tests\\test_chat_backend.py": [
      {
        "type": "Secret Keyword",
        "filename": "tests\\test_chat_backend.py",
        "hashed_secret": "94b9535faba0d438119a7656afe74c50573e3e4c",
        "is_verified": false,
        "line_number": 130
      }
    ],
    "tests\\test_notification_channels_backend.py": [
      {
        "type": "Secret Keyword",
        "filename": "tests\\test_notification_channels_backend.py",
        "hashed_secret": "5baa61e4c9b93f3f0682250b6cf8331b7ee68fd8",
        "is_verified": false,
        "line_number": 115
      },
      {
        "type": "Secret Keyword",
        "filename": "tests\\test_notification_channels_backend.py",
        "hashed_secret": "2346ad27d7568ba9896f1b7da6b5991251debdf2",
        "is_verified": false,
        "line_number": 125
      },
      {
        "type": "Secret Keyword",
        "filename": "tests\\test_notification_channels_backend.py",
        "hashed_secret": "25f3c0679a7d5584b10fa8a1ad16f5c40e7e1e7a",
        "is_verified": false,
        "line_number": 179
      },
      {
        "type": "Secret Keyword",
        "filename": "tests\\test_notification_channels_backend.py",
        "hashed_secret": "6447a70b8898354925242ff84cd1790e22101288",
        "is_verified": false,
        "line_number": 278
      },
      {
        "type": "Secret Keyword",
        "filename": "tests\\test_notification_channels_backend.py",
        "hashed_secret": "c3f0a384537f15e5a5d442422581014ba061aaff",
        "is_verified": false,
        "line_number": 298
      },
      {
        "type": "Secret Keyword",
        "filename": "tests\\test_notification_channels_backend.py",
        "hashed_secret": "e5e9fa1ba31ecd1ae84f75caaa474f3a663f05f4",
        "is_verified": false,
        "line_number": 509
      }
    ],
    "tests\\test_private_storage.py": [
      {
        "type": "Secret Keyword",
        "filename": "tests\\test_private_storage.py",
        "hashed_secret": "177dfd384994aae00f30285fbe54f1024f0a68b9",
        "is_verified": false,
        "line_number": 132
      }
    ],
    "tests\\test_production_monitor.py": [
      {
        "type": "Secret Keyword",
        "filename": "tests\\test_production_monitor.py",
        "hashed_secret": "fe1bae27cb7c1fb823f496f286e78f1d2ae87734",
        "is_verified": false,
        "line_number": 44
      }
    ],
    "tests\\test_schema_migrations_and_health.py": [
      {
        "type": "Secret Keyword",
        "filename": "tests\\test_schema_migrations_and_health.py",
        "hashed_secret": "ee93d8d448d61e54ca5c07f6ae91d097740efa6f",
        "is_verified": false,
        "line_number": 134
      }
    ],
    "tests\\test_stage8_modular_monolith.py": [
      {
        "type": "Secret Keyword",
        "filename": "tests\\test_stage8_modular_monolith.py",
        "hashed_secret": "94661516512b210fbff7c6b61915500d396ede99",
        "is_verified": false,
        "line_number": 60
      }
    ],
    "tests\\test_student_password_recovery.py": [
      {
        "type": "Secret Keyword",
        "filename": "tests\\test_student_password_recovery.py",
        "hashed_secret": "ee93d8d448d61e54ca5c07f6ae91d097740efa6f",
        "is_verified": false,
        "line_number": 16
      },
      {
        "type": "Secret Keyword",
        "filename": "tests\\test_student_password_recovery.py",
        "hashed_secret": "c3c6d08928310be981391bda1493419bcc98c4fd",
        "is_verified": false,
        "line_number": 195
      }
    ],
    "tests\\test_unified_identity.py": [
      {
        "type": "Secret Keyword",
        "filename": "tests\\test_unified_identity.py",
        "hashed_secret": "f732814f220b99a1760f23b6d533d403f890de86",
        "is_verified": false,
        "line_number": 74
      },
      {
        "type": "Secret Keyword",
        "filename": "tests\\test_unified_identity.py",
        "hashed_secret": "4a1eb95aa81fd50c521f4f3187d9283ad858127d",
        "is_verified": false,
        "line_number": 76
      },
      {
        "type": "Secret Keyword",
        "filename": "tests\\test_unified_identity.py",
        "hashed_secret": "9bd6fd3292219d81278c9e067763e9f1ecd03a1c",
        "is_verified": false,
        "line_number": 150
      }
    ],
    "tests\\test_web_push_backend.py": [
      {
        "type": "Basic Auth Credentials",
        "filename": "tests\\test_web_push_backend.py",
        "hashed_secret": "e5e9fa1ba31ecd1ae84f75caaa474f3a663f05f4",
        "is_verified": false,
        "line_number": 33
      },
      {
        "type": "Secret Keyword",
        "filename": "tests\\test_web_push_backend.py",
        "hashed_secret": "3161c487811a0a9758ecf085a96c8409f53331ab",
        "is_verified": false,
        "line_number": 48
      }
    ],
    "tests\\test_whatsapp_backend.py": [
      {
        "type": "Basic Auth Credentials",
        "filename": "tests\\test_whatsapp_backend.py",
        "hashed_secret": "5baa61e4c9b93f3f0682250b6cf8331b7ee68fd8",
        "is_verified": false,
        "line_number": 64
      }
    ]
  },
  "generated_at": "2026-10-03T04:21:49Z"
}
